[2026-04-29 13:00:59] This is codeql database analyze codeql-db codeql/javascript-queries@latest --format=sarif-latest --output=results.sarif --threads 0
[2026-04-29 13:00:59] Log file was started late.
[2026-04-29 13:00:59] [PROGRESS] database analyze> Running queries.
[2026-04-29 13:00:59] Running plumbing command: codeql database run-queries --evaluator-log-level=5 --threads=0 --warnings=show --qlconfig-file=/home/aoi/dev/metaplex-cli/qlconfig.yml --dynamic-join-order-mode=none --no-rerun --interpret-passthrough=null,--format=sarif-latest,-o=/home/aoi/dev/metaplex-cli/results.sarif,--max-paths=4,--csv-location-format=line-column,--print-diagnostics-summary,--print-metrics-summary,--threads=0,--qlconfig-file=/home/aoi/dev/metaplex-cli/qlconfig.yml,--,/home/aoi/dev/metaplex-cli/codeql-db,codeql/javascript-queries@latest -- /home/aoi/dev/metaplex-cli/codeql-db codeql/javascript-queries@latest
[2026-04-29 13:00:59] Exception caught at top level: Database at /home/aoi/dev/metaplex-cli/codeql-db needs to be finalized before running queries; please run codeql database finalize
                      com.semmle.cli2.database.RunQueriesCommand.executeSubcommand(RunQueriesCommand.java:251)
                      com.semmle.cli2.picocli.SubcommandCommon.lambda$executeSubcommandWithMessages$5(SubcommandCommon.java:886)
                      com.semmle.cli2.picocli.SubcommandCommon.withCompilationMessages(SubcommandCommon.java:444)
                      com.semmle.cli2.picocli.SubcommandCommon.executeSubcommandWithMessages(SubcommandCommon.java:884)
                      com.semmle.cli2.picocli.PlumbingRunner.run(PlumbingRunner.java:123)
                      com.semmle.cli2.picocli.SubcommandCommon.execPlumbingInProcess(SubcommandCommon.java:229)
                      com.semmle.cli2.database.AnalyzeCommand.executeSubcommand(AnalyzeCommand.java:167)
                      com.semmle.cli2.picocli.SubcommandCommon.lambda$executeSubcommandWithMessages$5(SubcommandCommon.java:886)
                      com.semmle.cli2.picocli.SubcommandCommon.withCompilationMessages(SubcommandCommon.java:444)
                      com.semmle.cli2.picocli.SubcommandCommon.executeSubcommandWithMessages(SubcommandCommon.java:884)
                      com.semmle.cli2.picocli.SubcommandCommon.toplevelMain(SubcommandCommon.java:777)
                      com.semmle.cli2.picocli.SubcommandCommon.call(SubcommandCommon.java:757)
                      com.semmle.cli2.picocli.SubcommandMaker.runMain(SubcommandMaker.java:238)
                      com.semmle.cli2.picocli.SubcommandMaker.runMain(SubcommandMaker.java:259)
                      com.semmle.cli2.CodeQL.main(CodeQL.java:113)
